    Adducts Annotation  CollisionEnergy  CompoundName  Decoy  DetectingTransition  FragmentSeriesNumber FragmentType GeneName  IdentifyingTransition  LabelType  LibraryIntensity              ModifiedPeptideSequence  NormalizedRetentionTime  PeptideGroupLabel           PeptideSequence  Peptidoforms  PrecursorCharge  PrecursorIonMobility  PrecursorMz  ProductCharge  ProductMz ProteinId  QuantifyingTransition  SMILES  SumFormula                    TransitionGroupId  TransitionId  UniprotId
0       NaN       y2^1             -1.0           NaN      0                    1                     2            y   EIF4G1                      0        NaN           81.9345               EAALPPVS(UniMod:21)PLK                  48.0082                NaN               EAALPPVSPLK           NaN                2                  -1.0     601.3151              1   260.1969    Q04637                      1     NaN         NaN               EAALPPVS(Phospho)PLK_2          2345        NaN
1       NaN       y7^2             -1.0           NaN      0                    1                     7            y   EIF4G1                      0        NaN         2965.7283               EAALPPVS(UniMod:21)PLK                  48.0082                NaN               EAALPPVSPLK           NaN                2                  -1.0     601.3151              2   409.2146    Q04637                      1     NaN         NaN               EAALPPVS(Phospho)PLK_2          2346        NaN
2       NaN       y8^2             -1.0           NaN      0                    1                     8            y   EIF4G1                      0        NaN          132.8395               EAALPPVS(UniMod:21)PLK                  48.0082                NaN               EAALPPVSPLK           NaN                2                  -1.0     601.3151              2   465.7566    Q04637                      1     NaN         NaN               EAALPPVS(Phospho)PLK_2          2347        NaN
3       NaN       y5^1             -1.0           NaN      0                    1                     5            y   EIF4G1                      0        NaN          101.3607               EAALPPVS(UniMod:21)PLK                  48.0082                NaN               EAALPPVSPLK           NaN                2                  -1.0     601.3151              1   623.3164    Q04637                      1     NaN         NaN               EAALPPVS(Phospho)PLK_2          2348        NaN
4       NaN       y6^1             -1.0           NaN      0                    1                     6            y   EIF4G1                      0        NaN         1580.4800               EAALPPVS(UniMod:21)PLK                  48.0082                NaN               EAALPPVSPLK           NaN                2                  -1.0     601.3151              1   720.3692    Q04637                      1     NaN         NaN               EAALPPVS(Phospho)PLK_2          2349        NaN
..      ...        ...              ...           ...    ...                  ...                   ...          ...      ...                    ...        ...               ...                                  ...                      ...                ...                       ...           ...              ...                   ...          ...            ...        ...       ...                    ...     ...         ...                                  ...           ...        ...
73      NaN      b13^1             -1.0           NaN      0                    1                    13            b     LMO7                      0        NaN          890.7413  ATLSSTSGLDLMSESGEGEIS(UniMod:21)PQR                  67.4251                NaN  ATLSSTSGLDLMSESGEGEISPQR           NaN                2                  -1.0    1266.5622              1  1264.6090    Q8WWI1                      1     NaN         NaN  ATLSSTSGLDLMSESGEGEIS(Phospho)PQR_2         42472        NaN
74      NaN      y11^1             -1.0           NaN      0                    1                    11            y     LMO7                      0        NaN         1830.4344  ATLSSTSGLDLMSESGEGEIS(UniMod:21)PQR                  67.4251                NaN  ATLSSTSGLDLMSESGEGEISPQR           NaN                2                  -1.0    1266.5622              1  1268.5155    Q8WWI1                      1     NaN         NaN  ATLSSTSGLDLMSESGEGEIS(Phospho)PQR_2         42473        NaN
75      NaN      y12^1             -1.0           NaN      0                    1                    12            y     LMO7                      0        NaN         2691.2388  ATLSSTSGLDLMSESGEGEIS(UniMod:21)PQR                  67.4251                NaN  ATLSSTSGLDLMSESGEGEISPQR           NaN                2                  -1.0    1266.5622              1  1355.5475    Q8WWI1                      1     NaN         NaN  ATLSSTSGLDLMSESGEGEIS(Phospho)PQR_2         42474        NaN
76      NaN      b14^1             -1.0           NaN      0                    1                    14            b     LMO7                      0        NaN          870.2799  ATLSSTSGLDLMSESGEGEIS(UniMod:21)PQR                  67.4251                NaN  ATLSSTSGLDLMSESGEGEISPQR           NaN                2                  -1.0    1266.5622              1  1393.6515    Q8WWI1                      1     NaN         NaN  ATLSSTSGLDLMSESGEGEIS(Phospho)PQR_2         42475        NaN
77      NaN      y13^1             -1.0           NaN      0                    1                    13            y     LMO7                      0        NaN          851.3514  ATLSSTSGLDLMSESGEGEIS(UniMod:21)PQR                  67.4251                NaN  ATLSSTSGLDLMSESGEGEISPQR           NaN                2                  -1.0    1266.5622              1  1486.5880    Q8WWI1                      1     NaN         NaN  ATLSSTSGLDLMSESGEGEIS(Phospho)PQR_2         42476        NaN

[78 rows x 29 columns]
